https://www.w008.com/
https://www.nohu003.com/
http://vin777.net/
http://vin777.net/
http://vin777.net/
https://vin777.net/Register
https://vin777.net/Register
https://vin777.net/Register
https://vin777.net/Register
https://vin777.net/Register
https://vin777.net/Register
https://vin777.net/Register
https://vin777.net/Register
https://vin777.net/Register
https://vin777.net/Register
https://www.69vn1.com/
https://cwin05.com/
